{
  "data" : {
    "model" : {
      "fileChooser" : {
        "path" : {
          "fsCategory" : "LOCAL",
          "path" : "",
          "timeout" : 10000,
          "context" : {
            "fsToString" : "(LOCAL, )"
          }
        }
      },
      "dynamicValuesInput" : {
        "values" : [ ],
        "inputKind" : "SINGLE"
      },
      "columnSelection" : { },
      "columnFilter" : {
        "selected" : [ ],
        "mode" : "MANUAL",
        "patternFilter" : {
          "pattern" : "",
          "isCaseSensitive" : false,
          "isInverted" : false
        },
        "manualFilter" : {
          "manuallySelected" : [ ],
          "manuallyDeselected" : [ ],
          "includeUnknownColumns" : false
        },
        "typeFilter" : {
          "selectedTypes" : [ ],
          "typeDisplays" : [ ]
        }
      },
      "nested" : { },
      "nestedSettingsRenamed" : { }
    }
  },
  "schema" : {
    "type" : "object",
    "properties" : {
      "model" : {
        "type" : "object",
        "properties" : {
          "columnFilter" : {
            "type" : "object",
            "properties" : {
              "manualFilter" : {
                "type" : "object",
                "properties" : {
                  "includeUnknownColumns" : {
                    "type" : "boolean",
                    "default" : false
                  },
                  "manuallyDeselected" : {
                    "type" : "array",
                    "items" : {
                      "type" : "string"
                    }
                  },
                  "manuallySelected" : {
                    "type" : "array",
                    "items" : {
                      "type" : "string"
                    }
                  }
                },
                "default" : {
                  "manuallySelected" : [ ],
                  "manuallyDeselected" : [ ],
                  "includeUnknownColumns" : false
                }
              },
              "mode" : {
                "oneOf" : [ {
                  "const" : "MANUAL",
                  "title" : "Manual"
                }, {
                  "const" : "REGEX",
                  "title" : "Regex"
                }, {
                  "const" : "WILDCARD",
                  "title" : "Wildcard"
                }, {
                  "const" : "TYPE",
                  "title" : "Type"
                } ],
                "default" : "MANUAL"
              },
              "patternFilter" : {
                "type" : "object",
                "properties" : {
                  "isCaseSensitive" : {
                    "type" : "boolean",
                    "default" : false
                  },
                  "isInverted" : {
                    "type" : "boolean",
                    "default" : false
                  },
                  "pattern" : {
                    "type" : "string",
                    "default" : ""
                  }
                },
                "default" : {
                  "pattern" : "",
                  "isCaseSensitive" : false,
                  "isInverted" : false
                }
              },
              "selected" : {
                "default" : [ ],
                "type" : "array",
                "items" : {
                  "type" : "string"
                }
              },
              "typeFilter" : {
                "type" : "object",
                "properties" : {
                  "selectedTypes" : {
                    "default" : [ ],
                    "type" : "array",
                    "items" : {
                      "type" : "string"
                    }
                  },
                  "typeDisplays" : {
                    "default" : [ ],
                    "type" : "array",
                    "items" : {
                      "type" : "object",
                      "properties" : {
                        "id" : {
                          "type" : "string"
                        },
                        "text" : {
                          "type" : "string"
                        }
                      }
                    }
                  }
                },
                "default" : {
                  "selectedTypes" : [ ],
                  "typeDisplays" : [ ]
                }
              }
            },
            "title" : "Column Filter",
            "default" : {
              "selected" : [ ],
              "mode" : "MANUAL",
              "patternFilter" : {
                "pattern" : "",
                "isCaseSensitive" : false,
                "isInverted" : false
              },
              "manualFilter" : {
                "manuallySelected" : [ ],
                "manuallyDeselected" : [ ],
                "includeUnknownColumns" : false
              },
              "typeFilter" : {
                "selectedTypes" : [ ],
                "typeDisplays" : [ ]
              }
            }
          },
          "columnSelection" : {
            "type" : "object",
            "properties" : {
              "compatibleTypes" : {
                "type" : "array",
                "items" : {
                  "type" : "string"
                }
              },
              "selected" : {
                "type" : "string"
              }
            },
            "title" : "Column Selection",
            "default" : { }
          },
          "credentials" : {
            "type" : "object",
            "properties" : {
              "password" : {
                "type" : "string",
                "default" : ""
              },
              "secondFactor" : {
                "type" : "string",
                "default" : ""
              },
              "username" : {
                "type" : "string",
                "default" : ""
              }
            },
            "title" : "Credentials"
          },
          "dynamicValuesInput" : {
            "type" : "object",
            "properties" : {
              "inputKind" : {
                "oneOf" : [ {
                  "const" : "SINGLE",
                  "title" : "Single"
                }, {
                  "const" : "DOUBLE",
                  "title" : "Double"
                }, {
                  "const" : "COLLECTION",
                  "title" : "Collection"
                } ]
              },
              "values" : {
                "type" : "array",
                "items" : {
                  "type" : "object"
                }
              }
            },
            "title" : "Dynamic Values Input",
            "default" : {
              "values" : [ ],
              "inputKind" : "SINGLE"
            }
          },
          "fileChooser" : {
            "type" : "object",
            "properties" : {
              "path" : {
                "type" : "object",
                "default" : {
                  "fsCategory" : "LOCAL",
                  "path" : "",
                  "timeout" : 10000,
                  "context" : {
                    "fsToString" : "(LOCAL, )"
                  }
                }
              }
            },
            "title" : "File Chooser",
            "default" : {
              "path" : {
                "fsCategory" : "LOCAL",
                "path" : "",
                "timeout" : 10000,
                "context" : {
                  "fsToString" : "(LOCAL, )"
                }
              }
            }
          },
          "nested" : {
            "type" : "object",
            "properties" : {
              "nestedString" : {
                "type" : "string",
                "title" : "Nested String Setting"
              }
            },
            "default" : { }
          },
          "nestedSettingsRenamed" : {
            "type" : "object",
            "properties" : {
              "nestedString" : {
                "type" : "string",
                "title" : "Nested String Setting"
              }
            },
            "default" : { }
          },
          "nestedSettingsWithCustomPersistor" : {
            "type" : "object",
            "properties" : {
              "nestedString" : {
                "type" : "string",
                "title" : "Nested String Setting"
              }
            }
          },
          "simpleButton" : {
            "type" : "object",
            "title" : "Simple Button"
          },
          "string" : {
            "type" : "string",
            "title" : "String Setting"
          }
        }
      }
    }
  },
  "ui_schema" : {
    "elements" : [ {
      "type" : "Control",
      "scope" : "#/properties/model/properties/fileChooser",
      "options" : {
        "format" : "fileChooser"
      }
    }, {
      "type" : "Control",
      "scope" : "#/properties/model/properties/credentials",
      "options" : {
        "format" : "credentials"
      }
    }, {
      "type" : "Control",
      "scope" : "#/properties/model/properties/dynamicValuesInput",
      "options" : {
        "format" : "dynamicValue"
      }
    }, {
      "type" : "Control",
      "scope" : "#/properties/model/properties/columnSelection",
      "options" : {
        "format" : "columnSelection"
      }
    }, {
      "type" : "Control",
      "scope" : "#/properties/model/properties/columnFilter",
      "options" : {
        "format" : "columnFilter"
      }
    }, {
      "type" : "Control",
      "scope" : "#/properties/model/properties/simpleButton",
      "options" : {
        "format" : "simpleButton",
        "triggerId" : "org.knime.testing.node.dialog.DefaultNodeSettingsWithAllWidgets$SimpleButtonWidgetRef"
      }
    }, {
      "type" : "Control",
      "scope" : "#/properties/model/properties/string"
    }, {
      "type" : "Control",
      "scope" : "#/properties/model/properties/nested/properties/nestedString"
    }, {
      "type" : "Control",
      "scope" : "#/properties/model/properties/nestedSettingsRenamed/properties/nestedString"
    }, {
      "type" : "Control",
      "scope" : "#/properties/model/properties/nestedSettingsWithCustomPersistor/properties/nestedString"
    } ],
    "globalUpdates" : [ {
      "trigger" : {
        "id" : "after-open-dialog",
        "triggerInitially" : true
      },
      "dependencies" : [ ]
    }, {
      "trigger" : {
        "id" : "org.knime.testing.node.dialog.DefaultNodeSettingsWithAllWidgets$SimpleButtonWidgetRef"
      },
      "dependencies" : [ ]
    } ],
    "persist" : {
      "type" : "object",
      "properties" : {
        "model" : {
          "type" : "object",
          "properties" : {
            "fileChooser" : {
              "type" : "object",
              "properties" : {
                "path" : { }
              }
            },
            "credentials" : {
              "subConfigKeys" : [ ]
            },
            "dynamicValuesInput" : {
              "type" : "object",
              "properties" : {
                "values" : {
                  "type" : "array",
                  "items" : {
                    "type" : "object",
                    "properties" : { }
                  }
                },
                "inputKind" : { }
              }
            },
            "columnSelection" : {
              "type" : "object",
              "properties" : {
                "selected" : { },
                "compatibleTypes" : {
                  "configKeys" : [ "compatibleTypes_Internals" ]
                }
              }
            },
            "columnFilter" : {
              "type" : "object",
              "properties" : {
                "selected" : {
                  "configKeys" : [ "selected_Internals" ]
                },
                "mode" : { },
                "patternFilter" : {
                  "type" : "object",
                  "properties" : {
                    "pattern" : { },
                    "isCaseSensitive" : { },
                    "isInverted" : { }
                  }
                },
                "manualFilter" : {
                  "type" : "object",
                  "properties" : {
                    "manuallySelected" : { },
                    "manuallyDeselected" : { },
                    "includeUnknownColumns" : { }
                  }
                },
                "typeFilter" : {
                  "type" : "object",
                  "properties" : {
                    "selectedTypes" : { },
                    "typeDisplays" : {
                      "type" : "array",
                      "subConfigKeys" : [ ],
                      "items" : {
                        "type" : "object",
                        "properties" : {
                          "id" : { },
                          "text" : { }
                        }
                      }
                    }
                  }
                }
              }
            },
            "simpleButton" : { },
            "string" : { },
            "nested" : {
              "type" : "object",
              "properties" : {
                "nestedString" : { }
              }
            },
            "nestedSettingsRenamed" : {
              "configKeys" : [ "myNestedSettings" ],
              "type" : "object",
              "properties" : {
                "nestedString" : { }
              }
            },
            "nestedSettingsWithCustomPersistor" : {
              "configKeys" : [ "customConfigKeyForNestedSettings" ],
              "deprecatedConfigKeys" : [ {
                "new" : [ [ "customConfigKeyForNestedSettings" ] ],
                "deprecated" : [ [ "deprecatedConfigKey" ] ]
              } ],
              "type" : "object",
              "properties" : {
                "nestedString" : { }
              }
            }
          }
        }
      }
    }
  }
}