{
  "data" : {
    "view" : {
      "richTextContent" : ""
    }
  },
  "schema" : {
    "type" : "object",
    "properties" : {
      "view" : {
        "type" : "object",
        "properties" : {
          "richTextContent" : {
            "type" : "string",
            "title" : "Rich Text Content",
            "description" : "The rich text content that is displayed in the view. Formatting options can be selected in the menu bar on the top of the editor. <br/><br/>The contents of flow variables can be inserted by using the replacement syntax \"$$[\"flow-variable-name\"]\".",
            "default" : ""
          }
        }
      }
    }
  },
  "ui_schema" : {
    "elements" : [ {
      "type" : "Control",
      "scope" : "#/properties/view/properties/richTextContent",
      "options" : {
        "format" : "richTextInput"
      }
    } ]
  }
}