{
  "data" : {
    "view" : {
      "title" : "",
      "altText" : "",
      "caption" : "",
      "shrinkToFit" : true
    }
  },
  "schema" : {
    "type" : "object",
    "properties" : {
      "view" : {
        "type" : "object",
        "properties" : {
          "altText" : {
            "type" : "string",
            "title" : "Alternate text",
            "description" : "The alternate text of the image, if for whatever reason the image cannot be displayed.",
            "default" : ""
          },
          "caption" : {
            "type" : "string",
            "title" : "Caption",
            "description" : "The caption of the image.",
            "default" : ""
          },
          "shrinkToFit" : {
            "type" : "boolean",
            "title" : "Shrink to fit available space",
            "description" : "If selected, the image will be scaled down to fit if it is larger than its available space. When scaling, the original aspect ratio of the image is retained. Note that most KNIME nodes capable of generating images allow to configure the image resolution.",
            "default" : true
          },
          "title" : {
            "type" : "string",
            "title" : "Title",
            "description" : "The title of the image.",
            "default" : ""
          }
        }
      }
    }
  },
  "ui_schema" : {
    "elements" : [ {
      "type" : "Control",
      "scope" : "#/properties/view/properties/title"
    }, {
      "type" : "Control",
      "scope" : "#/properties/view/properties/altText"
    }, {
      "type" : "Control",
      "scope" : "#/properties/view/properties/caption"
    }, {
      "type" : "Control",
      "scope" : "#/properties/view/properties/shrinkToFit",
      "options" : {
        "format" : "checkbox"
      }
    } ],
    "persist" : {
      "type" : "object",
      "properties" : {
        "view" : {
          "type" : "object",
          "properties" : {
            "title" : { },
            "altText" : { },
            "caption" : { },
            "shrinkToFit" : { }
          }
        }
      }
    }
  }
}